test_case_shape_stage_and_machine_checkable_expectations (tests.test_context_packaging_pressure_cases_p0.ContextPackagingPressureSuiteP0Tests.test_case_shape_stage_and_machine_checkable_expectations) ... ok
test_every_declared_failure_class_is_exercised (tests.test_context_packaging_pressure_cases_p0.ContextPackagingPressureSuiteP0Tests.test_every_declared_failure_class_is_exercised) ... ok
test_every_fixture_preserves_source_row_and_separates_materialization (tests.test_context_packaging_pressure_cases_p0.ContextPackagingPressureSuiteP0Tests.test_every_fixture_preserves_source_row_and_separates_materialization) ... ok
test_exactly_pc_01_through_pc_46_exist_in_order (tests.test_context_packaging_pressure_cases_p0.ContextPackagingPressureSuiteP0Tests.test_exactly_pc_01_through_pc_46_exist_in_order) ... ok
test_p0_taxonomy_does_not_claim_runtime_failure_schema_freeze (tests.test_context_packaging_pressure_cases_p0.ContextPackagingPressureSuiteP0Tests.test_p0_taxonomy_does_not_claim_runtime_failure_schema_freeze) ... ok
test_required_p0_coverage_is_explicit (tests.test_context_packaging_pressure_cases_p0.ContextPackagingPressureSuiteP0Tests.test_required_p0_coverage_is_explicit) ... ok
test_source_artifacts_are_immutable_and_cover_all_pressure_cases (tests.test_context_packaging_pressure_cases_p0.ContextPackagingPressureSuiteP0Tests.test_source_artifacts_are_immutable_and_cover_all_pressure_cases) ... ok
test_suite_is_bound_to_reconciled_plan_and_p0_only (tests.test_context_packaging_pressure_cases_p0.ContextPackagingPressureSuiteP0Tests.test_suite_is_bound_to_reconciled_plan_and_p0_only) ... ok
test_40_machine_checkable_identity_cases (tests.test_context_packaging_source_identity_p1a.P1aSourceIdentityTests.test_40_machine_checkable_identity_cases) ... ok
test_accepted_standing_conflicts_respect_explicit_snapshot_multiplicity (tests.test_context_packaging_source_identity_p1a.P1aSourceIdentityTests.test_accepted_standing_conflicts_respect_explicit_snapshot_multiplicity) ... ok
test_canonical_fingerprint_exact_components_and_normalization (tests.test_context_packaging_source_identity_p1a.P1aSourceIdentityTests.test_canonical_fingerprint_exact_components_and_normalization) ... ok
test_canonical_snapshot_addressability_precedes_accepted_standing (tests.test_context_packaging_source_identity_p1a.P1aSourceIdentityTests.test_canonical_snapshot_addressability_precedes_accepted_standing) ... ok
test_frozen_plan_and_scope_markers (tests.test_context_packaging_source_identity_p1a.P1aSourceIdentityTests.test_frozen_plan_and_scope_markers) ... ok
test_later_gates_and_authority_mutations_remain_out_of_scope (tests.test_context_packaging_source_identity_p1a.P1aSourceIdentityTests.test_later_gates_and_authority_mutations_remain_out_of_scope) ... ok
test_relevant_frozen_p0_pressure_cases_are_mechanically_preserved (tests.test_context_packaging_source_identity_p1a.P1aSourceIdentityTests.test_relevant_frozen_p0_pressure_cases_are_mechanically_preserved) ... ok
test_required_semantics_are_frozen (tests.test_context_packaging_source_identity_p1a.P1aSourceIdentityTests.test_required_semantics_are_frozen) ... ok
test_shape_valid_standing_does_not_self_prove_acceptance (tests.test_context_packaging_source_identity_p1a.P1aSourceIdentityTests.test_shape_valid_standing_does_not_self_prove_acceptance) ... ok
test_structured_identity_is_collision_free_for_delimiter_contents (tests.test_context_packaging_source_identity_p1a.P1aSourceIdentityTests.test_structured_identity_is_collision_free_for_delimiter_contents) ... ok
test_array_order_is_canonical (tests.test_context_packaging_bytes_digests_toolchain_p1c.P1c.test_array_order_is_canonical) ... ok
test_base64 (tests.test_context_packaging_bytes_digests_toolchain_p1c.P1c.test_base64) ... ok
test_domain_vectors (tests.test_context_packaging_bytes_digests_toolchain_p1c.P1c.test_domain_vectors) ... ok
test_frozen_pack_vector (tests.test_context_packaging_bytes_digests_toolchain_p1c.P1c.test_frozen_pack_vector) ... ok
test_p1b_identity_shape_is_not_reinterpreted (tests.test_context_packaging_bytes_digests_toolchain_p1c.P1c.test_p1b_identity_shape_is_not_reinterpreted) ... ok
test_pack_identity_preimage_is_non_circular (tests.test_context_packaging_bytes_digests_toolchain_p1c.P1c.test_pack_identity_preimage_is_non_circular) ... ok
test_payload_and_manifest_domains_are_separate (tests.test_context_packaging_bytes_digests_toolchain_p1c.P1c.test_payload_and_manifest_domains_are_separate) ... ok
test_raw_and_canonical_profile_request_identities (tests.test_context_packaging_bytes_digests_toolchain_p1c.P1c.test_raw_and_canonical_profile_request_identities) ... ok
test_raw_bytes_distinguish_newlines (tests.test_context_packaging_bytes_digests_toolchain_p1c.P1c.test_raw_bytes_distinguish_newlines) ... ok
test_raw_object_mismatch_fails_before_identity (tests.test_context_packaging_bytes_digests_toolchain_p1c.P1c.test_raw_object_mismatch_fails_before_identity) ... ok
test_raw_profile_request_bytes_are_the_validated_objects (tests.test_context_packaging_bytes_digests_toolchain_p1c.P1c.test_raw_profile_request_bytes_are_the_validated_objects) ... ok
test_rfc8785_rejects_nonfinite_and_lone_surrogate (tests.test_context_packaging_bytes_digests_toolchain_p1c.P1c.test_rfc8785_rejects_nonfinite_and_lone_surrogate) ... ok
test_rfc8785_vectors (tests.test_context_packaging_bytes_digests_toolchain_p1c.P1c.test_rfc8785_vectors) ... ok
test_scope_and_p1b_basis (tests.test_context_packaging_bytes_digests_toolchain_p1c.P1c.test_scope_and_p1b_basis) ... ok
test_standing_evidence_normalizes_p1a_hex_before_set_canonicalization (tests.test_context_packaging_bytes_digests_toolchain_p1c.P1c.test_standing_evidence_normalizes_p1a_hex_before_set_canonicalization) ... ok
test_toolchain_change_is_visible (tests.test_context_packaging_bytes_digests_toolchain_p1c.P1c.test_toolchain_change_is_visible) ... ok
test_toolchain_components_bind_exact_behavior_artifacts (tests.test_context_packaging_bytes_digests_toolchain_p1c.P1c.test_toolchain_components_bind_exact_behavior_artifacts) ... ok
test_toolchain_exact_roles_and_cove_requirement (tests.test_context_packaging_bytes_digests_toolchain_p1c.P1c.test_toolchain_exact_roles_and_cove_requirement) ... ok
test_gate_basis_and_bound_artifacts (tests.test_context_packaging_pems_closure_p1d.P1dClosureFreeze.test_gate_basis_and_bound_artifacts) ... ok
test_grounded_internal_external_and_missing_target_contracts (tests.test_context_packaging_pems_closure_p1d.P1dClosureFreeze.test_grounded_internal_external_and_missing_target_contracts) ... ok
test_negative_fixtures_and_fail_closed_behavior (tests.test_context_packaging_pems_closure_p1d.P1dClosureFreeze.test_negative_fixtures_and_fail_closed_behavior) ... ok
test_p0_pressure_cases_remain_frozen (tests.test_context_packaging_pems_closure_p1d.P1dClosureFreeze.test_p0_pressure_cases_remain_frozen) ... ok
test_p1c_is_unchanged_and_later_gates_are_excluded (tests.test_context_packaging_pems_closure_p1d.P1dClosureFreeze.test_p1c_is_unchanged_and_later_gates_are_excluded) ... ok
test_rule_vocabulary_and_namespace_shape_are_closed (tests.test_context_packaging_pems_closure_p1d.P1dClosureFreeze.test_rule_vocabulary_and_namespace_shape_are_closed) ... ok
test_schema_discovery_is_independent_and_exhaustive (tests.test_context_packaging_pems_closure_p1d.P1dClosureFreeze.test_schema_discovery_is_independent_and_exhaustive) ... ok
test_structural_rule_and_traversal_are_bounded (tests.test_context_packaging_pems_closure_p1d.P1dClosureFreeze.test_structural_rule_and_traversal_are_bounded) ... ok
test_validator_grounds_relation_endpoints_and_provenance (tests.test_context_packaging_pems_closure_p1d.P1dClosureFreeze.test_validator_grounds_relation_endpoints_and_provenance) ... ok
test_validator_grounds_root_and_source_constraints (tests.test_context_packaging_pems_closure_p1d.P1dClosureFreeze.test_validator_grounds_root_and_source_constraints) ... ok
test_validator_unestablished_namespaces_are_rejected (tests.test_context_packaging_pems_closure_p1d.P1dClosureFreeze.test_validator_unestablished_namespaces_are_rejected) ... ok
test_all_semantic_cases (tests.test_context_packaging_consumer_profile_eligibility_p1e.P1eConsumerProfileEligibilityFreeze.test_all_semantic_cases) ... ok
test_gate_basis_scope_and_frozen_p1b_blobs (tests.test_context_packaging_consumer_profile_eligibility_p1e.P1eConsumerProfileEligibilityFreeze.test_gate_basis_scope_and_frozen_p1b_blobs) ... ok
test_inference_like_fields_are_structurally_rejected (tests.test_context_packaging_consumer_profile_eligibility_p1e.P1eConsumerProfileEligibilityFreeze.test_inference_like_fields_are_structurally_rejected) ... ok
test_missing_binding_and_ineligible_decision_are_distinct (tests.test_context_packaging_consumer_profile_eligibility_p1e.P1eConsumerProfileEligibilityFreeze.test_missing_binding_and_ineligible_decision_are_distinct) ... ok
test_p1b_wire_boundary_remains_structural_and_optional (tests.test_context_packaging_consumer_profile_eligibility_p1e.P1eConsumerProfileEligibilityFreeze.test_p1b_wire_boundary_remains_structural_and_optional) ... ok
test_reason_code_is_non_authoritative (tests.test_context_packaging_consumer_profile_eligibility_p1e.P1eConsumerProfileEligibilityFreeze.test_reason_code_is_non_authoritative) ... ok
test_reference_operation_has_only_explicit_p1e_inputs (tests.test_context_packaging_consumer_profile_eligibility_p1e.P1eConsumerProfileEligibilityFreeze.test_reference_operation_has_only_explicit_p1e_inputs) ... ok
test_sha256_case_normalization_only (tests.test_context_packaging_consumer_profile_eligibility_p1e.P1eConsumerProfileEligibilityFreeze.test_sha256_case_normalization_only) ... ok
test_adapter_cannot_mutate_requested_binding_in_place (tests.test_context_packaging_source_resolution_p2.P2Tests.test_adapter_cannot_mutate_requested_binding_in_place) ... ok
test_adapter_rebinding_is_rejected (tests.test_context_packaging_source_resolution_p2.P2Tests.test_adapter_rebinding_is_rejected) ... ok
test_canonical_digest_mismatch_is_stale_state (tests.test_context_packaging_source_resolution_p2.P2Tests.test_canonical_digest_mismatch_is_stale_state) ... ok
test_canonical_standing_fingerprint_conflict_fails (tests.test_context_packaging_source_resolution_p2.P2Tests.test_canonical_standing_fingerprint_conflict_fails) ... ok
test_control_digest_mismatch_uses_frozen_digest_failure (tests.test_context_packaging_source_resolution_p2.P2Tests.test_control_digest_mismatch_uses_frozen_digest_failure) ... ok
test_cross_source_consistency_is_structural (tests.test_context_packaging_source_resolution_p2.P2Tests.test_cross_source_consistency_is_structural) ... ok
test_exact_immutable_resolution_passes_and_adapter_gets_commit (tests.test_context_packaging_source_resolution_p2.P2Tests.test_exact_immutable_resolution_passes_and_adapter_gets_commit) ... ok
test_identical_duplicate_binding_is_acquired_once (tests.test_context_packaging_source_resolution_p2.P2Tests.test_identical_duplicate_binding_is_acquired_once) ... ok
test_logical_source_conflict_fails_before_acquisition (tests.test_context_packaging_source_resolution_p2.P2Tests.test_logical_source_conflict_fails_before_acquisition) ... ok
test_max_bindings_is_a_source_resolution_limit (tests.test_context_packaging_source_resolution_p2.P2Tests.test_max_bindings_is_a_source_resolution_limit) ... ok
test_max_total_source_bytes_is_enforced_across_sources (tests.test_context_packaging_source_resolution_p2.P2Tests.test_max_total_source_bytes_is_enforced_across_sources) ... ok
test_missing_canonical_standing_is_unproven (tests.test_context_packaging_source_resolution_p2.P2Tests.test_missing_canonical_standing_is_unproven) ... ok
test_missing_required_control_does_not_discover_one (tests.test_context_packaging_source_resolution_p2.P2Tests.test_missing_required_control_does_not_discover_one) ... ok
test_missing_source_fails_closed (tests.test_context_packaging_source_resolution_p2.P2Tests.test_missing_source_fails_closed) ... ok
test_mutable_source_is_not_rebound (tests.test_context_packaging_source_resolution_p2.P2Tests.test_mutable_source_is_not_rebound) ... ok
test_package_and_operational_evidence_resolve_by_explicit_binding (tests.test_context_packaging_source_resolution_p2.P2Tests.test_package_and_operational_evidence_resolve_by_explicit_binding) ... ok
test_reference_to_unlisted_source_does_not_trigger_discovery (tests.test_context_packaging_source_resolution_p2.P2Tests.test_reference_to_unlisted_source_does_not_trigger_discovery) ... ok
test_source_resolution_limits_are_separate_and_fail_closed (tests.test_context_packaging_source_resolution_p2.P2Tests.test_source_resolution_limits_are_separate_and_fail_closed) ... ok
test_unsafe_control_fails_closed (tests.test_context_packaging_source_resolution_p2.P2Tests.test_unsafe_control_fails_closed) ... ok
test_conflicting_relationship_fails_bad_then_good (tests.test_context_packaging_source_resolution_p2_regression.P2RelationshipAndMultiplicityRegressions.test_conflicting_relationship_fails_bad_then_good) ... ok
test_conflicting_relationship_fails_good_then_bad (tests.test_context_packaging_source_resolution_p2_regression.P2RelationshipAndMultiplicityRegressions.test_conflicting_relationship_fails_good_then_bad) ... ok
test_explicit_multi_snapshot_intent_accepts_distinct_standing (tests.test_context_packaging_source_resolution_p2_regression.P2RelationshipAndMultiplicityRegressions.test_explicit_multi_snapshot_intent_accepts_distinct_standing) ... ok
test_single_snapshot_intent_rejects_other_accepted_standing (tests.test_context_packaging_source_resolution_p2_regression.P2RelationshipAndMultiplicityRegressions.test_single_snapshot_intent_rejects_other_accepted_standing) ... ok
test_cycle_terminates_by_namespace_identity (tests.test_context_packaging_pems_projection_p3.P3ProjectionTests.test_cycle_terminates_by_namespace_identity) ... ok
test_derived_proposition_includes_all_required_premise_structure (tests.test_context_packaging_pems_projection_p3.P3ProjectionTests.test_derived_proposition_includes_all_required_premise_structure) ... ok
test_empty_selector_policy_is_explicit (tests.test_context_packaging_pems_projection_p3.P3ProjectionTests.test_empty_selector_policy_is_explicit) ... ok
test_exact_selection_excludes_unselected_but_closes_provenance (tests.test_context_packaging_pems_projection_p3.P3ProjectionTests.test_exact_selection_excludes_unselected_but_closes_provenance) ... ok
test_explicit_reject_rule_fails_closed (tests.test_context_packaging_pems_projection_p3.P3ProjectionTests.test_explicit_reject_rule_fails_closed) ... ok
test_missing_selected_id_fails_without_fuzzy_substitution (tests.test_context_packaging_pems_projection_p3.P3ProjectionTests.test_missing_selected_id_fails_without_fuzzy_substitution) ... ok
test_p3_has_no_cove_pack_persistence_or_mutation_surface (tests.test_context_packaging_pems_projection_p3.P3ProjectionTests.test_p3_has_no_cove_pack_persistence_or_mutation_surface) ... ok
test_package_owned_schema_and_semantic_validation_are_both_enforced (tests.test_context_packaging_pems_projection_p3.P3ProjectionTests.test_package_owned_schema_and_semantic_validation_are_both_enforced) ... ok
test_profile_must_bind_exact_package_closure_descriptor (tests.test_context_packaging_pems_projection_p3.P3ProjectionTests.test_profile_must_bind_exact_package_closure_descriptor) ... ok
test_profile_selector_vocabulary_is_enforced (tests.test_context_packaging_pems_projection_p3.P3ProjectionTests.test_profile_selector_vocabulary_is_enforced) ... ok
test_projection_limits_fail_without_truncation (tests.test_context_packaging_pems_projection_p3.P3ProjectionTests.test_projection_limits_fail_without_truncation) ... ok
test_request_order_does_not_change_projection_or_causes (tests.test_context_packaging_pems_projection_p3.P3ProjectionTests.test_request_order_does_not_change_projection_or_causes) ... ok
test_selected_relation_closes_endpoints_and_preserves_multiple_causes (tests.test_context_packaging_pems_projection_p3.P3ProjectionTests.test_selected_relation_closes_endpoints_and_preserves_multiple_causes) ... ok
test_adapter_is_exactly_structural_parity_with_frozen_encoder (tests.test_context_packaging_cove_adapter_p4.P4CoveAdapterTests.test_adapter_is_exactly_structural_parity_with_frozen_encoder) ... ok
test_exact_pems_round_trip_and_repeated_bytes (tests.test_context_packaging_cove_adapter_p4.P4CoveAdapterTests.test_exact_pems_round_trip_and_repeated_bytes) ... ok
test_non_pems_input_and_non_bytes_decode_are_rejected (tests.test_context_packaging_cove_adapter_p4.P4CoveAdapterTests.test_non_pems_input_and_non_bytes_decode_are_rejected) ... ok
test_noncanonical_or_malleable_cove_fails_closed (tests.test_context_packaging_cove_adapter_p4.P4CoveAdapterTests.test_noncanonical_or_malleable_cove_fails_closed) ... ok
test_object_member_insertion_order_does_not_change_bytes (tests.test_context_packaging_cove_adapter_p4.P4CoveAdapterTests.test_object_member_insertion_order_does_not_change_bytes) ... ok
test_only_supported_semantic_tuple_is_accepted (tests.test_context_packaging_cove_adapter_p4.P4CoveAdapterTests.test_only_supported_semantic_tuple_is_accepted) ... ok
test_scope_tuple_and_frozen_behavior_binding (tests.test_context_packaging_cove_adapter_p4.P4CoveAdapterTests.test_scope_tuple_and_frozen_behavior_binding) ... ok

----------------------------------------------------------------------
Ran 98 tests in 2.221s

OK
