test_accepted_v1_schema_blobs_are_unchanged (tests.test_context_packaging_protocol_schemas_v2.ContextPackagingV2Schemas.test_accepted_v1_schema_blobs_are_unchanged) ... ok
test_legacy_mixed_partial_and_unknown_pems_refs_fail_closed (tests.test_context_packaging_protocol_schemas_v2.ContextPackagingV2Schemas.test_legacy_mixed_partial_and_unknown_pems_refs_fail_closed) ... ok
test_namespaced_same_string_subjects_and_snapshot_subject_validate (tests.test_context_packaging_protocol_schemas_v2.ContextPackagingV2Schemas.test_namespaced_same_string_subjects_and_snapshot_subject_validate) ... ok
test_profile_v2_does_not_inherit_v1_eligibility_identity (tests.test_context_packaging_protocol_schemas_v2.ContextPackagingV2Schemas.test_profile_v2_does_not_inherit_v1_eligibility_identity) ... ok
test_r4_alias_validates_pems_without_network_retrieval (tests.test_context_packaging_protocol_schemas_v2.ContextPackagingV2Schemas.test_r4_alias_validates_pems_without_network_retrieval) ... ok
test_r4_resource_is_exact_local_blob_and_sha256 (tests.test_context_packaging_protocol_schemas_v2.ContextPackagingV2Schemas.test_r4_resource_is_exact_local_blob_and_sha256) ... ok
test_reconciled_pressure_case_inventory (tests.test_context_packaging_protocol_schemas_v2.ContextPackagingV2Schemas.test_reconciled_pressure_case_inventory) ... ok
test_result_v2_success_is_hard_bound_to_pack_v2 (tests.test_context_packaging_protocol_schemas_v2.ContextPackagingV2Schemas.test_result_v2_success_is_hard_bound_to_pack_v2) ... ok
test_v2_schema_meta_and_contract_family (tests.test_context_packaging_protocol_schemas_v2.ContextPackagingV2Schemas.test_v2_schema_meta_and_contract_family) ... ok
test_builder_behavior_is_v2_without_claiming_p5_implementation (tests.test_context_packaging_v2_bytes_digests_toolchain.ContextPackagingV2BytesDigestsToolchain.test_builder_behavior_is_v2_without_claiming_p5_implementation) ... ok
test_exact_successor_basis_blobs (tests.test_context_packaging_v2_bytes_digests_toolchain.ContextPackagingV2BytesDigestsToolchain.test_exact_successor_basis_blobs) ... ok
test_host_iteration_variation_is_byte_identical (tests.test_context_packaging_v2_bytes_digests_toolchain.ContextPackagingV2BytesDigestsToolchain.test_host_iteration_variation_is_byte_identical) ... ok
test_identity_preimage_v1_reuse_is_explicitly_bounded (tests.test_context_packaging_v2_bytes_digests_toolchain.ContextPackagingV2BytesDigestsToolchain.test_identity_preimage_v1_reuse_is_explicitly_bounded) ... ok
test_raw_document_bindings_and_exact_digest_vector (tests.test_context_packaging_v2_bytes_digests_toolchain.ContextPackagingV2BytesDigestsToolchain.test_raw_document_bindings_and_exact_digest_vector) ... ok
test_canonical_v2_knowledge_subjects_never_emit_semantic_id (tests.test_context_packaging_v2_reconciled_conformance.ContextPackagingV2ReconciledConformance.test_canonical_v2_knowledge_subjects_never_emit_semantic_id) ... ok
test_p5_runtime_implementation_is_unchanged_by_amendment (tests.test_context_packaging_v2_reconciled_conformance.ContextPackagingV2ReconciledConformance.test_p5_runtime_implementation_is_unchanged_by_amendment) ... ok
test_sp02_sp03_and_sp14_preserve_causes_under_frozen_ordering (tests.test_context_packaging_v2_reconciled_conformance.ContextPackagingV2ReconciledConformance.test_sp02_sp03_and_sp14_preserve_causes_under_frozen_ordering) ... ok
test_sp04_source_ref_is_part_of_namespaced_subject_identity (tests.test_context_packaging_v2_reconciled_conformance.ContextPackagingV2ReconciledConformance.test_sp04_source_ref_is_part_of_namespaced_subject_identity) ... ok
test_sp05_opaque_ids_are_preserved_without_tag_or_delimiter_parsing (tests.test_context_packaging_v2_reconciled_conformance.ContextPackagingV2ReconciledConformance.test_sp05_opaque_ids_are_preserved_without_tag_or_delimiter_parsing) ... ok
test_sp10_full_contract_dispatch_matrix_fails_closed (tests.test_context_packaging_v2_reconciled_conformance.ContextPackagingV2ReconciledConformance.test_sp10_full_contract_dispatch_matrix_fails_closed) ... ok
test_sp11_digest_stability_and_versioned_preimage_churn (tests.test_context_packaging_v2_reconciled_conformance.ContextPackagingV2ReconciledConformance.test_sp11_digest_stability_and_versioned_preimage_churn) ... ok
test_v2_eligibility_is_exact_and_v1_decision_does_not_transfer (tests.test_context_packaging_v2_reconciled_conformance.ContextPackagingV2ReconciledConformance.test_v2_eligibility_is_exact_and_v1_decision_does_not_transfer) ... ok

----------------------------------------------------------------------
Ran 22 tests in 0.193s

OK
